---
source: tui/src/app_shell_tests.rs
expression: "render_shell(&shell, area)"
---
                                                  │
 ◆ BC       gpt-5-codex ▾   default ▾  ● thinking │ Sessions │ Agents │ Workspace │ Settings │ Help
──────────────────────────────────────────────────│────────────────────────────────━━━━━━━━━━──────
                                                  │
 ◆ CONVERSATION                                   │▎◆ SETTINGS
 ▎ SYSTEM  Better Codex app shell                 │▎Model │ Permissions │ Appearance │ Integrations
 ▎ YOU  Create a divergent standalone TUI.        │▎━━━━━━━────────────────────────────────────────
                                                  │▎› Model: gpt-5-codex
 ▎ CODEX  Started a fullscreen app shell backed   │▎  Reasoning: default
          by app-server turns.                    │▎  Service tier: default
 ▎ PLAN  1. Build shell                           │
         2. Wire transcript                       │▎◆ MODEL
         3. Render dashboard                      │▎gpt-5-codex
                                                  │
 ▌ tool exec just test -p codex-tui               │▎◆ TOKENS
                                                  │▎total 1k
 ▌ edited 3 files +128 -24                        │▎input 1k
                                                  │▎output 240
 ▎ CODEX  The new shell owns the fullscreen       │▎Context 100% left
          surface.                                │
                                                  │▎◆ INTEGRATIONS
                                                  │▎mcp not loaded
                                                  │▎plugins not loaded
                                                  │
                                                  │▎◆ RATE LIMITS
                                                  │▎Codex 82% 5h
                                                  │▎  secondary 18% 7d
                                                  │▎credits $12.34
                                                  │▎spend 75% left
                                                  │▎Background 95% 1h
                                                  │▎limited RateLimitReached
                                                  │▎reset credits 2
                                                  │
                                                  │▎◆ WORKSPACE
                                                  │▎cwd /workspace/better-codex
                                                  │▎profile managed
╭────────────────────────────────────────────────╮│▎files restricted, net restricted
│◆ MESSAGE  1:37                                 ││▎roots none selected
│> Summarize the new shell architecture          ││
│                                                ││
│                                                ││
╰────────────────────────────────────────────────╯│
