---
source: tui/src/app_shell_tests.rs
expression: "render_shell(&shell, area)"
---

 Better Codex                                                          Navigation
                                                                       1S  2W  3Set  4Help

 Conversation                                                          Sessions
 system: Better Codex app shell                                        ctrl+1 focus active 0 shown

 Command Palette

 > Copy transcript item - Copy selection or latest ...
 Clear visible transcript
 Select latest transcript item
 Jump transcript to top
 Jump transcript to bottom
 Interrupt active turn
 Switch model
 Change permissions
 Resume thread
 Fork thread
 Import Claude Code setup
 Compact context



                                                                       in slices.
 Composer ready 1:37                                                   x Shell frame
 > Summarize the new shell architecture                                > Transcript model

                                                                       Keys
