---
source: tui/src/app_shell_tests.rs
expression: "render_shell(&shell, area)"
---

 Better Codex                                                          Status
                                                                       thinking

 Conversation                                                          Model
 system: Better Codex app shell                                        gpt-5-codex
 you: Create a divergent standalone TUI.
                                                                       Tokens
 codex: Started a fullscreen app shell backed by app-server turns.     total 190,000
 plan: 1. Build shell                                                  input 150,000
       2. Wire transcript                                              output 40,000
       3. Render dashboard                                             context 200,000
 tool: exec just test -p codex-tui                                     context 95% used
 diff: diff 3 files +128 -24
                                                                       Diff
 codex: The new shell owns the fullscreen surface.                     3 files +128 -24

                                                                       Plan
                                                                       Build the standalone shell
                                                                       in slices.
                                                                       x Shell frame
                                                                       > Transcript model

 Composer ready 1:37                                                   Tools
 > Summarize the new shell architecture                                in progress exec just tes...
                                                                       completed file changes in...
