---
source: tui/src/app_shell_tests.rs
expression: "render_shell(&shell, area)"
---

 Better Codex                                                        ┌───────┬──────┬──────┬──────┐
                                                                     │  1S   │  2W  │ 3Set │4Help │
                                                                     └───────┴──────┴──────┴──────┘
 Conversation
 system: Better Codex app shell                                      Sessions
 you: Create a divergent standalone TUI.                             unfocused active 0 shown
                                                                     loading sessions
 codex: Started a fullscreen app shell backed by app-server turns.
 plan: 1. Build shell                                                Approvals
       2. Wire transcript                                            input Tool input: tool-input-1
       3. Render dashboard
                                                                     Tools
 ▌ tool exec just test -p codex-tui                                  in progress exec just test ...
                                                                     completed file changes in a...
 ▌ edited 3 files +128 -24
                                                                     Thread
 codex: The new shell owns the fullscreen surface.                   stage-one
                                                                     id 01900000-0000-7000-8000-...
                                                                     resume, fork, archive, delete

                                                                     Status
                                                                     thinking
 Tool Input
 ? Tool input: tool-input-1 (1/1)                                    Plan
   Environment: Which environment should the tool use?               Build the standalone shell in
 > 2  1 Production  2 Staging                                        slices.
