---
source: tui/src/app_shell_tests.rs
expression: "render_shell(&shell, area)"
---

 Better Codex


 Dashboard
 Status  Model  Tokens  Diff  Plan  Tools  +2 more
 Tools in progress exec just test -p codex-tui
 Status thinking
 Model gpt-5-codex


 Conversation
       3. Render dashboard
 tool: exec just test -p codex-tui
 diff: diff 3 files +128 -24

 codex: The new shell owns the fullscreen surface.


 Composer ready 1:37
 > Summarize the new shell architecture
