---
source: tui/src/app_shell_tests.rs
expression: "buffer_contents(&buf, area)"
---
Better Codex  thinking                                                │Dashboard
                                                                      │Status
──────────────────────────────────────────────────────────────────────│thinking
┌Conversation────────────────────────────────────────────────────────┐│
│system: Better Codex app shell                                      ││Model
│you: Create a divergent standalone TUI.                             ││gpt-5-codex
│codex: Started a fullscreen app shell backed by app-server turns.   ││
│codex: The new shell owns the fullscreen surface.                   ││Thread
│                                                                    ││01900000-0000-7000-8000-00000
│                                                                    ││0000001
│                                                                    ││
│                                                                    ││Tokens
│                                                                    ││total 1440
│                                                                    ││input 1200
│                                                                    ││output 240
│                                                                    ││context 200000
│                                                                    ││
│                                                                    ││Permissions
│                                                                    ││Managed { file_system:
│                                                                    ││Restricted { entries: [],
│                                                                    ││glob_scan_max_depth: None },
│                                                                    ││network: Restricted }
│                                                                    ││
└────────────────────────────────────────────────────────────────────┘│Plan
Composer──────────────────────────────────────────────────────────────│stage 1 shell
> Summarize the new shell architecture                                │dashboard pending
                                                                      │
                                                                      │Keys
