---
source: tui/src/app_shell_tests.rs
expression: "render_shell(&shell, area)"
---

 Better Codex                                                    ┌────────┬─────────┬────────┬────┐
                                                                 │Settings│Workspace│Sessions│Help│
                                                                 └────────┴─────────┴────────┴────┘
 Conversation
 you: Create a divergent standalone TUI.                      ┃  Sessions
                                                              ┃  unfocused active 0 shown
 codex: Started a fullscreen app shell backed by app-server   ┃  loading sessions
        turns.                                                ┃
 plan: 1. Build shell                                         ┃  Tools
       2. Wire transcript                                     ┃  in progress exec just test -p c...
       3. Render dashboard                                    ┃  completed file changes in app_s...
                                                              ┃
 ▌ tool exec just test -p codex-tui                           ┃  Thread
                                                              ┃  stage-one
 ▌ edited 3 files +128 -24                                    ┃  id 01900000-0000-7000-8000-0000...
 status: goal set: Ship the standalone shell                  ┃  resume, fork, archive, delete in
 status: goal active. Objective: Ship the standalone shell    ┃
         Time: 1m.                                            ┃  Status
                                                              ┃  thinking
 codex: The new shell owns the fullscreen surface.            ┃
                                                                 Goal
                                                                 status active
 Composer ready 1:1                                              Ship the standalone shell
 > Type a message, Shift+Enter for newline                       1m | 12,345 tokens

                                                                 Plan
