---
source: tui/src/app_shell_tests.rs
expression: "render_shell(&shell, area)"
---

 Better Codex                                                          Navigation
                                                                       1S  2W  3Set  4Help

 Conversation                                                          Sessions
 system: Better Codex app shell                                        ctrl+1 focus active 0 shown
 you: Create a divergent standalone TUI.                               loading sessions
                                                                       r resume  f fork  a archi...
 codex: Started a fullscreen app shell backed by app-server turns.     / search  v archived  esc
 plan: 1. Build shell
       2. Wire transcript                                              Approvals
       3. Render dashboard                                             approval Run command: car...
 tool: exec just test -p codex-tui
 diff: diff 3 files +128 -24                                           Tools
                                                                       in progress exec just tes...
 codex: The new shell owns the fullscreen surface.                     completed file changes in...

                                                                       Thread
                                                                       stage-one
                                                                       id 01900000-0000-7000-800...
                                                                       resume, fork, archive,

                                                                       Status
 Approval                                                              thinking
 ? Run command: cargo test -p codex-tui
   Needs network access - /workspace/better-codex                      Plan
   a approve  d deny  e edit  ? explain                                Build the standalone shell
