---
source: tui/src/app_shell_tests.rs
expression: "render_shell(&shell, Rect::new(0, 0, 110, 36,),)"
---

 Better Codex                                                                 ┌───────┬───────┬──────┬──────┐
                                                                              │  1S   │  2W   │ 3Set │4Help │
                                                                              └───────┴───────┴──────┴──────┘
 Conversation
 system: Better Codex app shell                                               Settings
 you: Create a divergent standalone TUI.                                      focused integrations 2 fields
                                                                              Model  Permissions
 codex: Started a fullscreen app shell backed by app-server turns.            Appearance  Integrations
 plan: 1. Build shell                                                         plugin inventory refreshed
       2. Wire transcript                                                       mcp servers: not loaded
       3. Render dashboard                                                    > plugins: 1 installed / 2 a...


 Plugins
 1/2 plugin catalog  Enter action  i install/update  e enable/disable  u uninstall  r refresh
 > enabled    Calendar (local)
   available  Drive (local)

 Action: press i or Enter to update from the marketplace


                                                                              Integrations
                                                                              mcp not loaded
                                                                              plugins 1 installed / 2 avai...
                                                                              marketplaces 1
                                                                              plugins 2

                                                                              Workspace
                                                                              cwd /workspace/better-codex
                                                                              profile managed
 Composer ready 1:37                                                          files restricted, net
 > Summarize the new shell architecture                                       restricted
