---
source: tui/src/app_shell_tests.rs
expression: "render_shell(&shell, area)"
---
 ◆ BC      gpt-5-codex ▾   default ▾   default ▾  │
──────────────────────────────────────────────────│   Status   │  Agents   │  Sessions   │  Help
                                                  │─────────────────────────━━━━━━━━━━━━━──────────
 ◆ CONVERSATION                                   │
 ▎ CODEX  The new shell owns the fullscreen     ┃ │▎◆ SESSIONS
          surface.                              ┃ │▎○ CLICK TO FOCUS  ACTIVE  0 sessions
                                                  │▎+ New session  Ctrl+N
╭────────────────────────────────────────────────╮│▎loading sessions
│◆ MESSAGE  1:37                                 ││
│> Summarize the new shell architecture          ││▎◆ THREAD
│                                                ││▎stage-one
╰────────────────────────────────────────────────╯│
