---
source: tui/src/app_shell_tests.rs
expression: scrolled
---

  Dashboard  ◆ BC           gpt-5-codex ▾   default ▾   default ▾  ● thinking
──────────────────────────────────────────────────────────────────────────────
                            │
 ◆ CONVERSATION             │   Status   │  Agents   │  Sessions   │  Help
 ▎ YOU  Create a divergent s│ Alt+← / →   Prev/next │ ◆ APP
                            │ Pg↑ / Pg↓   Scroll he…│  ^P          Commands
 ▎ CODEX  Started a fullscre│◆ SESSIONS             │  ^D          Show/hide
 ▎ PLAN  1. Build shell     │ ↑↓ / jk     Select    │  ^C          Stop/canc…
         2. Wire transcript │ ↵ / r       Resume    │  Esc ×2      Exit app
         3. Render dashboard│ f           Fork      │  ^N          New chat
                            │ a           Archive   │ ◆ AGENTS
 ▌ tool exec just test -p co│ u           Unarchive │  ↵           Focus/log
                            │ v           Switch vi…│  ↑↓ / jk     Select
 ▌ edited 3 files +128 -24  │ n           Rename    │  g / G       First/last
                            │ /           Search    │  r           Reload log
 ▎ CODEX  The new shell owns│ d           Delete    │
                            │
╭────────────────────────────────────────────────────────────────────────────╮
│◆ MESSAGE  1:37                                                             │
│> Summarize the new shell architecture                                      │
│                                                                            │
│                                                                            │
╰────────────────────────────────────────────────────────────────────────────╯
