---
source: tui/src/app_shell_tests.rs
expression: rendered
---
  Dashboard  ◆ BC    gpt-5-codex ▾   default ▾
────────────────────────────────────────────────
│
│  Status   │  Agents   │  Sessions   │  Help
│◆ CONVERSATION        │ ◆ COMPOSER
│ Alt+↑ / ↓   Select m…│  ⌘← / →      Line ends
│ ↵ / c       Copy item│  ⌘⌫          Delete s…
│ e           Branch   │  ⌥/^ + ←→    Move word
│ ^O/⌥1-9     Copy rep…│  S/A + ↵     Newline
│◆ DASHBOARD           │  Alt+M       Model
│ F1 … F4     Open tab │  Alt+E       Effort
│
╭──────────────────────────────────────────────╮
│◆ MESSAGE  1:37                               │
│> Summarize the new shell architecture        │
╰──────────────────────────────────────────────╯
