---
source: tui/src/app_shell_tests.rs
expression: "render_shell(&shell, area)"
---

 ◆ BC                       gpt-5-codex ▾   default ▾   default ▾  ● thinking
──────────────────────────────────────────────────────────────────────────────

       Status       │      Agents      │      Sessions      │      Help
 ───────────────────────────────────────━━━━━━━━━━━━━━━━━━━━─────────────────
 ▎◆ SESSIONS
 ▎○ CLICK TO FOCUS  ACTIVE  0 sessions


 ◆ CONVERSATION
   ▌        cargo build output line 159                                     ┃
   ▌        cargo build output line 160                                     ┃

╭────────────────────────────────────────────────────────────────────────────╮
│◆ MESSAGE  1:37                                                             │
│> Summarize the new shell architecture                                      │
│                                                                            │
│                                                                            │
╰────────────────────────────────────────────────────────────────────────────╯
