---
source: tui/src/app_shell_tests.rs
expression: "render_shell(&shell, area)"
---
  Dashboard  ◆ BC        gpt-5-codex ▾
────────────────────────────────────────
│
│ Status  │ Agents  │ Sessions  │ Help
│
╭──────────────────────────────────────╮
│◆ MESSAGE  1:37                       │
│> Summarize the new shell architecture│
│                                      │
│                                      │
╰──────────────────────────────────────╯
