---
source: tui/src/app_shell_tests.rs
expression: "render_shell(&shell, Rect::new(0, 0, 100, 20,))"
---
                                                  │
 ◆ BC      gpt-5-codex ▾   default ▾   default ▾  │ Settings │ Agents │ Workspace │ Sessions │ Help
──────────────────────────────────────────────────│────────────────────────────────━━━━━━━━━━──────
                                                  │
 ◆ CONVERSATION                                   │▎◆ SESSIONS
   ▌ output first                                 │▎○ CLICK TO FOCUS  ACTIVE  0 sessions
   ▌        second                                │▎loading sessions
                                                  │
                                                  │▎◆ TOOLS
                                                  │▎in progress exec just test -p codex-tui
                                                  │▎completed file changes in app_shell
                                                  │
                                                  │▎◆ THREAD
                                                  │▎stage-one
╭────────────────────────────────────────────────╮│▎id 01900000-0000-7000-8000-000000000001
│◆ MESSAGE  1:37                                 ││▎resume, fork, archive, delete in session list
│> Summarize the new shell architecture          ││
│                                                ││▎◆ STATUS
│                                                ││▎thinking
╰────────────────────────────────────────────────╯│
