---
source: tui/src/app_shell_tests.rs
expression: "render_shell(&shell, area)"
---

 Better Codex                                                        ┌───────┬──────┬──────┬──────┐
                                                                     │  1S   │  2W  │ 3Set │4Help │
                                                                     └───────┴──────┴──────┴──────┘
 Conversation
 system: Better Codex app shell                                      Workspace
 you: Create a divergent standalone TUI.                             cwd /workspace/better-codex
                                                                     branch feature/app-shell-da...
 codex: Started a fullscreen app shell backed by app-server turns.   changes 13 files
 plan: 1. Build shell                                                  added 2
       2. Wire transcript                                              modified 5
       3. Render dashboard                                             deleted 1
                                                                       renamed 1
 ▌ tool exec just test -p codex-tui                                    conflicted 1
                                                                       untracked 3
 ▌ edited 3 files +128 -24                                           profile managed
                                                                     files restricted, net
 codex: The new shell owns the fullscreen surface.                   restricted

                                                                     Edits
                                                                     3 files +128 -24

                                                                     Tools
                                                                     in progress exec just test ...
                                                                     completed file changes in a...




 Composer ready 1:37
 > Summarize the new shell architecture
