---
source: tui/src/app_shell_tests.rs
expression: "render_shell(&shell, Rect::new(0, 0, 112, 30))"
---
                                                              │
 ◆ BC       gpt-5-codex ▾   default ▾   default ▾  ● thinking │ Settings │ Agents │ Workspace │ Sessions │ Help
──────────────────────────────────────────────────────────────│────────────────────────────────━━━━━━━━━━──────
                                                              │
 ◆ CONVERSATION                                               │▎◆ SESSIONS
 ▎ SYSTEM  Better Codex app shell                             │▎● FOCUSED  ACTIVE  2 sessions
 ▎ YOU  Create a divergent standalone TUI.                    │▎› 1/2 Tokyo Night polish [main]  Refining the …
                                                              │▎  2/2 Agent activity [main]  Building a bounde…
 ▎ CODEX  Started a fullscreen app shell backed by app-server │
          turns.                                              │▎◆ TOOLS
 ▎ PLAN  1. Build shell                                       │▎in progress exec just test -p codex-tui
         2. Wire transcript                                   │▎completed file changes in app_shell
         3. Render dashboard                                  │
                                                              │▎◆ THREAD
 ▌ tool exec just test -p codex-tui                           │▎stage-one
                                                              │▎id 01900000-0000-7000-8000-000000000001
 ▌ edited 3 files +128 -24                                    │▎resume, fork, archive, delete in session list
                                                              │
 ▎ CODEX  The new shell owns the fullscreen surface.          │▎◆ STATUS
                                                              │▎thinking
                                                              │
                                                              │▎◆ PLAN
                                                              │▎Build the standalone shell in slices.
                                                              │▎x Shell frame
╭────────────────────────────────────────────────────────────╮│▎> Transcript model
│◆ MESSAGE  1:37                                             ││▎- Approvals
│> Summarize the new shell architecture                      ││
│                                                            ││
│                                                            ││
╰────────────────────────────────────────────────────────────╯│
