---
source: tui/src/app_shell_tests.rs
expression: "render_shell(&shell, area)"
---

 Better Codex                                                          Navigation
                                                                       1S  2W  3Set  4Help

 Conversation                                                          Settings
 system: Better Codex app shell                                        focused model 3 fields
 you: Create a divergent standalone TUI.                               Model  Permissions
                                                                       Appearance  Integrations
 codex: Started a fullscreen app shell backed by app-server turns.     > model: gpt-5-codex
 plan: 1. Build shell                                                    reasoning: high
       2. Wire transcript                                                service tier: flex
       3. Render dashboard
                                                                       Model
 ▌ tool exec just test -p codex-tui                                    gpt-5-codex
                                                                       reasoning high
 ▌ edited 3 files +128 -24                                             tier flex

 codex: The new shell owns the fullscreen surface.                     Tokens
                                                                       total 1,440
                                                                       input 1,200
                                                                       output 240
                                                                       Context 100% left

 Composer ready 1:37                                                   Integrations
 > Summarize the new shell architecture                                mcp not loaded
                                                                       plugins not loaded
