---
source: tui/src/app_shell_tests.rs
expression: "render_shell(&shell, area)"
---
                                                  │
 ◆ BC      gpt-5-codex ▾   default ▾   default ▾  │   Status   │  Agents   │  Sessions   │  Help
──────────────────────────────────────────────────│━━━━━━━━━━━━────────────────────────────────────
                                                  │
 ◆ CONVERSATION                                   │▎◆ SETTINGS
                                                │ │▎Model │ Permissions │ Appearance │Integrations
 ▎ CODEX  Started a fullscreen app shell backed ┃ │▎━━━━━━─────────────────────────────────────────
          by app-server turns.                  ┃ │▎› Model: gpt-5-codex
 ▎ PLAN  1. Build shell                         ┃ │▎  Reasoning: default
         2. Wire transcript                     ┃ │▎  Service tier: default
         3. Render dashboard                    ┃ │
                                                ┃ │▎◆ GOAL
 ▌ tool exec just test -p codex-tui             ┃ │▎status active
                                                ┃ │▎Ship the standalone shell
 ▌ edited 3 files +128 -24                      ┃ │▎1m | 12,345 tokens
 ▎ STATUS  goal set: Ship the standalone shell  ┃ │
 ▎ STATUS  goal active. Objective: Ship the     ┃ │▎◆ PLAN
           standalone shell Time: 1m.           ┃ │▎Build the standalone shell in slices.
                                                ┃ │▎x Shell frame
 ▎ CODEX  The new shell owns the fullscreen     ┃ │▎> Transcript model
          surface.                              ┃ │▎- Approvals
                                                  │
╭────────────────────────────────────────────────╮│▎◆ TOOLS
│◆ MESSAGE  1:1                                  ││▎in progress exec just test -p codex-tui
│> Type a message, Shift+Enter for newline       ││▎completed file changes in app_shell
│                                                ││
│                                                ││
╰────────────────────────────────────────────────╯│
