---
source: tui/src/app_shell_tests.rs
expression: "render_shell(&shell, area)"
---

 Better Codex                                                          Navigation
                                                                       1S  2W  3Set  4Help

 Conversation                                                          Tools
 system: Better Codex app shell                                        in progress exec just tes...
 you: Create a divergent standalone TUI.                               completed file changes in...

 codex: Started a fullscreen app shell backed by app-server turns.     Thread
 plan: 1. Build shell                                                  stage-one
       2. Wire transcript                                              id 01900000-0000-7000-800...
       3. Render dashboard                                             resume, fork, archive,
 tool: exec just test -p codex-tui
 diff: diff 3 files +128 -24                                           Status
 audit: approval approved: Command: cargo test -p codex-tui            thinking
 audit: elicitation declined: MCP github: URL request
 audit: tool input submitted: Tool input: environment                  Plan
                                                                       Build the standalone shell
 codex: The new shell owns the fullscreen surface.                     in slices.
                                                                       x Shell frame
                                                                       > Transcript model

                                                                       Keys
 Composer ready 1:37                                                   Enter send
 > Summarize the new shell architecture                                Ctrl+C/Esc exit
                                                                       Alt+Up select, Ctrl+O copy
