---
source: tui/src/app_shell_tests.rs
expression: "render_shell(&shell, area)"
---
                                                  │
 ◆ BC      gpt-5-codex ▾   default ▾   default ▾  │ Settings │ Agents │ Workspace │ Sessions │ Help
──────────────────────────────────────────────────│────────────────────━━━━━━━━━━━─────────────────
                                                  │
 ◆ CONVERSATION                                   │▎◆ WORKSPACE
 ▎ SYSTEM  Better Codex app shell                 │▎cwd /workspace/better-codex
 ▎ YOU  Create a divergent standalone TUI.        │▎branch feature/app-shell-dashboard
                                                  │▎changes 13 files
 ▎ CODEX  Started a fullscreen app shell backed   │▎  added 2
          by app-server turns.                    │▎  modified 5
 ▎ PLAN  1. Build shell                           │▎  deleted 1
         2. Wire transcript                       │▎  renamed 1
         3. Render dashboard                      │▎  conflicted 1
                                                  │▎  untracked 3
 ▌ tool exec just test -p codex-tui               │▎profile managed
                                                  │▎files restricted, net restricted
 ▌ edited 3 files +128 -24                        │▎roots none selected
                                                  │
 ▎ CODEX  The new shell owns the fullscreen       │▎◆ EDITS
          surface.                                │▎3 files +128 -24
                                                  │
                                                  │▎◆ TOOLS
                                                  │▎in progress exec just test -p codex-tui
                                                  │▎completed file changes in app_shell
                                                  │
                                                  │
                                                  │
                                                  │
╭────────────────────────────────────────────────╮│
│◆ MESSAGE  1:37                                 ││
│> Summarize the new shell architecture          ││
│                                                ││
│                                                ││
╰────────────────────────────────────────────────╯│
