---
source: tui/src/app_shell_tests.rs
expression: "render_shell(&shell, Rect::new(0, 0, 110, 36,),)"
---

 Better Codex                                                                 Navigation
                                                                              1S  2W  3Set  4Help

 Conversation                                                                 Settings
 system: Better Codex app shell                                               focused integrations 2 fields
 you: Create a divergent standalone TUI.                                      Model  Permissions  Appearance
                                                                              Integrations
 codex: Started a fullscreen app shell backed by app-server turns.            mcp inventory refreshed
 plan: 1. Build shell                                                         > mcp servers: 2 servers / 3...
       2. Wire transcript                                                       plugins: not loaded
       3. Render dashboard
                                                                              Model

 MCP Servers
 1/2 mcp servers  Enter/l login  d disable  x remove  a add  e edit  r reload
 > login        github 2 tools
   bearer       linear 1 tools

 Action: press Enter or l to start oauth login


                                                                              mcp 2 servers / 3 tools / 1 ...
                                                                              plugins not loaded
                                                                              servers 2
                                                                              tools 3

                                                                              Workspace
                                                                              cwd /workspace/better-codex
                                                                              profile managed
                                                                              files restricted, net
 Composer ready 1:37                                                          restricted
 > Summarize the new shell architecture▌
                                                                              Keys
                                                                              Enter send
