---
source: tui/src/app_shell_tests.rs
expression: "render_shell(&shell, area)"
---

 Better Codex                                                                        Navigation  Alt + Left / Right
                                                                                        1S   |   2W   |  3Set  | 4Help

 Conversation                                                                        Sessions
 system: Better Codex app shell                                                      unfocused active 0 shown
 you: Create a divergent standalone TUI.                                             loading sessions

 codex: Started a fullscreen app shell backed by app-server turns.                   Approvals
 plan: 1. Build shell                                                                approval Run command: cargo tes...
       2. Wire transcript                                                            input Tool input: tool-input-1
       3. Render dashboard
                                                                                     Background
 ▌ tool exec just test -p codex-tui                                                  workspace refresh queued

 ▌ edited 3 files +128 -24                                                           Tools
 plan: 1. Route activity into dashboard panels                                       in progress exec just test -p c...
                                                                                     completed file changes in app_s...
 codex: The new shell owns the fullscreen surface.
                                                                                     Subagents
                                                                                     in progress agent SpawnAgent: 1...
                                                                                     active subagent Started: review...

                                                                                     Thread
                                                                                     stage-one
                                                                                     id 01900000-0000-7000-8000-0000...
                                                                                     resume, fork, archive, delete in

                                                                                     Status
                                                                                     thinking
                                                                                     turn turn-bac...

                                                                                     Plan
                                                                                     Build the standalone shell in
                                                                                     slices.
                                                                                     x Shell frame
                                                                                     > Transcript model












 Approval
 ? Run command: cargo test -p codex-tui
   Needs network access - /workspace/better-codex
   enter/y approve  esc/n deny  e edit  ? explain
