---
source: tui/src/app_shell_tests.rs
expression: rendered
---

 ◆ BETTER CODEX  better-codex                        Panels   gpt-5-codex ▾   default ▾  ● thinking
────────────────────────────────────────────────────────────────────────────────────────────────────

 ◆ CONVERSATION
 ▎ SYSTEM  Better Codex app shell
 ▎ YOU  Create a divergent standalone TUI.

 ▎ CODEX  Started a fullscreen app shell backed by app-server turns.
 ▎ PLAN  1. Build shell
         2. Wire transcript
         3. Render dashboard

 ▌ tool exec just test -p codex-tui

 ▌ edited 3 files +128 -24

 ▎ CODEX  The new shell owns the fullscreen surface.




╭──────────────────────────────────────────────────────────────────────────────────────────────────╮
│◆ MESSAGE  ENTER SEND  SHIFT+ENTER NEWLINE  1:37                                                  │
│> Summarize the new shell architecture                                                            │
│                                                                                                  │
│                                                                                                  │
╰──────────────────────────────────────────────────────────────────────────────────────────────────╯
