---
source: tui/src/app_shell_tests.rs
expression: "render_shell(&shell, area)"
---
                                                  │
 ◆ BC       gpt-5-codex ▾   default ▾  ● thinking │ Sessions │ Agents │ Workspace │ Settings │ Help
──────────────────────────────────────────────────│────────────────────────────────━━━━━━━━━━━─────
                                                  │
 ◆ CONVERSATION                                   │▎◆ SETTINGS
 ▎ SYSTEM  Better Codex app shell                 │▎○ CLICK TO FOCUS  MODEL  3 fields
 ▎ YOU  Create a divergent standalone TUI.        │▎Model │ Permissions │ Appearance │ Integrations
                                                  │▎━━━━━━━────────────────────────────────────────
 ▎ CODEX  Started a fullscreen app shell backed   │▎› Model: gpt-5-codex
          by app-server turns.                    │▎  Reasoning: default
 ▎ PLAN  1. Build shell                           │▎  Service tier: default
         2. Wire transcript                       │
         3. Render dashboard                      │▎◆ MODEL
                                                  │▎gpt-5-codex
 ▌ tool exec just test -p codex-tui               │
                                                  │▎◆ TOKENS
 ▌ edited 3 files +128 -24                        │▎total 1k
                                                  │▎input 1k
 ▎ CODEX  The new shell owns the fullscreen       │▎output 240
          surface.                                │▎Context 100% left
                                                  │
                                                  │▎◆ INTEGRATIONS
                                                  │▎mcp not loaded
                                                  │▎plugins not loaded
                                                  │
                                                  │▎◆ RATE LIMITS
                                                  │▎Codex 82% 5h
                                                  │▎  secondary 18% 7d
                                                  │▎credits $12.34
                                                  │▎spend 75% left
                                                  │▎Background 95% 1h
                                                  │▎limited RateLimitReached
                                                  │▎reset credits 2
                                                  │
                                                  │▎◆ WORKSPACE
                                                  │▎cwd /workspace/better-codex
╭────────────────────────────────────────────────╮│▎profile managed
│◆ MESSAGE  1:37                                 ││▎files restricted, net restricted
│> Summarize the new shell architecture          ││▎roots none selected
│                                                ││
│                                                ││
╰────────────────────────────────────────────────╯│
