---
source: tui/src/app_shell_tests.rs
expression: "render_shell(&shell, Rect::new(0, 0, 110, 36,),)"
---
                                                            │
 ◆ BC                 gpt-5-codex ▾   default ▾  ● thinking │ Sessions │ Agents │ Workspace │ Settings │ Help
────────────────────────────────────────────────────────────│────────────────────────────────━━━━━━━━━━━─────
                                                            │
 ◆ CONVERSATION                                             │▎◆ SETTINGS
 ▎ SYSTEM  Better Codex app shell                           │▎● FOCUSED  INTEGRATIONS  2 fields
 ▎ YOU  Create a divergent standalone TUI.                  │▎Model │ Permissions │ Appearance │ Integrations
                                                            │▎──────────────────────────────────━━━━━━━━━━━━━
 ▎ CODEX  Started a fullscreen app shell backed by app-     │▎plugin inventory refreshed
          server turns.                                     │▎  MCP servers: not loaded
 ▎ PLAN  1. Build shell                                     │▎› Plugins: 1 installed / 2 available
         2. Wire transcript                                 │
         3. Render dashboard                                │▎◆ MODEL
                   ╭──────────────────────────────────────────────────────────────────────╮
 ▌ tool exec just t│◆ PLUGINS                                                             │
                   │1/2 plugin catalog  ↑↓ / j k navigate                                 │
 ▌ edited 3 files +│Install / update ↵  Toggle e  Uninstall u  Refresh r                  │
 ▎ STATUS  plugin m│> enabled    Calendar (local)                                         │
                   │  available  Drive (local)                                            │
 ▎ CODEX  The new s│                                                                      │
                   │Action: press i or Enter to update from the marketplace               │
                   │                                                                      │
                   ╰──────────────────────────────────────────────────────────────────────╯
                                                            │▎plugins 1 installed / 2 available
                                                            │▎marketplaces 1
                                                            │▎plugins 2
                                                            │
                                                            │▎◆ WORKSPACE
                                                            │▎cwd /workspace/better-codex
                                                            │▎profile managed
╭──────────────────────────────────────────────────────────╮│▎files restricted, net restricted
│◆ MESSAGE  ENTER SEND  SHIFT+ENTER NEWLINE  1:37          ││▎roots none selected
│> Summarize the new shell architecture                    ││
│                                                          ││
│                                                          ││
╰──────────────────────────────────────────────────────────╯│
