---
source: tui/src/app_shell_tests.rs
expression: "render_shell(&shell, area)"
---
                                                  │
  Dashboard  ◆ BC      gpt-5-codex ▾   default ▾  │   Status   │  Agents   │  Sessions   │  Help
──────────────────────────────────────────────────│
                                                  │◆ CONVERSATION         │ ◆ COMPOSER
 ◆ CONVERSATION                                   │ ↵ / c       Copy item │  ⌘← / →      Line ends
 ▎ SYSTEM  Better Codex app shell                 │ e           Branch    │  ⌘⌫          Delete st…
 ▎ YOU  Create a divergent standalone TUI.        │ ^O          Copy reply│  ⌥/^ + ←→    Move word
                                                  │                       │  S/A + ↵     Newline
 ▎ CODEX  Started a fullscreen app shell backed   │◆ DASHBOARD            │  Alt+M       Model
          by app-server turns.                    │ ^1 … ^4     Open tab  │  Alt+E       Effort
 ▎ PLAN  1. Build shell                           │ Alt+← / →   Prev/next │  Alt+↑ / ↓   Edit queue
         2. Wire transcript                       │ Pg↑ / Pg↓   Scroll he…│
         3. Render dashboard                      │                       │ ◆ APP
                                                  │◆ SESSIONS             │  ^P          Commands
 ▌ tool exec just test -p codex-tui               │ ↑↓ / jk     Select    │  ^D          Show/hide
                                                  │ ↵ / r       Resume    │  ^C          Stop/canc…
 ▌ edited 3 files +128 -24                        │ f           Fork      │  Esc ×2      Exit app
                                                  │ a           Archive   │  ^N          New chat
 ▎ CODEX  The new shell owns the fullscreen       │ u           Unarchive │
          surface.                                │ v           Switch vi…│ ◆ AGENTS
                                                  │ n           Rename    │  ↵           Focus/log
                                                  │ /           Search    │  ↑↓ / jk     Select
                                                  │ d           Delete    │  g / G       First/last
                                                  │                       │  r           Reload log
                                                  │
                                                  │
                                                  │
                                                  │
                                                  │
                                                  │
                                                  │
                                                  │
                                                  │
                                                  │
                                                  │
                                                  │
                                                  │
                                                  │
╭────────────────────────────────────────────────╮│
│◆ MESSAGE  QUEUED 1  1:15                       ││
│> ordinary draft                                ││
│                                                ││
│                                                ││
╰────────────────────────────────────────────────╯│
