---
source: tui/src/app_shell_tests.rs
expression: "render_shell(&shell, area)"
---

 Better Codex                                                        Navigation  Alt + Left / Right
                                                                       1S   |  2W   | 3Set  |4Help

 Conversation                                                        Sessions
 system: Better Codex app shell                                      unfocused active 0 shown
 you: Create a divergent standalone TUI.                             loading sessions

 codex: Started a fullscreen app shell backed by app-server turns.   Approvals
 plan: 1. Build shell                                                mcp MCP github: URL request
       2. Wire transcript
       3. Render dashboard                                           Tools
                                                                     in progress exec just test ...
 ▌ tool exec just test -p codex-tui                                  completed file changes in a...

 ▌ edited 3 files +128 -24                                           Thread
                                                                     stage-one
 codex: The new shell owns the fullscreen surface.                   id 01900000-0000-7000-8000-...
                                                                     resume, fork, archive, delete

                                                                     Status
                                                                     thinking

 MCP Elicitation                                                     Plan
 ? MCP github: URL request                                           Build the standalone shell in
   Open the GitHub authorization page? - https://github.com/lo...    slices.
   a accept  d decline  c cancel                                     x Shell frame
