---
source: tui/src/app_shell_tests.rs
expression: "render_shell(&shell, area)"
---
 ◆ BC       gpt-5-codex ▾   default ▾  ● thinking │
──────────────────────────────────────────────────│ Sessions │ Agents │ Workspace │ Settings │Help
                                                  │────────────────────────────────━━━━━━━━━━━─────
 ◆ CONVERSATION                                   │
 ▎ SYSTEM  Better Codex app shell                 │▎◆ SETTINGS
 ▎ YOU  Create a divergent standalone TUI.        │▎○ CLICK TO FOCUS  MODEL  3 fields
                                                  │▎▸ Model    Permissions
 ▎ CODEX  Started a fullscreen app shell backed   │▎  Appearance    Integrations
          by app-server turns.                    │▎› Model: gpt-5-codex
 ▎ PLAN  1. Build shell                           │▎  Reasoning: default
         2. Wire transcript                       │▎  Service tier: default
         3. Render dashboard                      │
                                                  │▎◆ MODEL
 ▌ tool exec just test -p codex-tui               │▎gpt-5-codex
                                                  │
 ▌ edited 3 files +128 -24                        │▎◆ TOKENS
                                                  │▎total 1k
 ▎ CODEX  The new shell owns the fullscreen       │▎input 1k
          surface.                                │▎output 240
                                                  │▎Context 100% left
                                                  │
                                                  │▎◆ INTEGRATIONS
                                                  │▎mcp not loaded
                                                  │▎plugins not loaded
                                                  │
                                                  │▎◆ RATE LIMITS
                                                  │▎Codex 82% 5h
                                                  │▎  secondary 18% 7d
                                                  │▎credits $12.34
                                                  │▎spend 75% left
                                                  │▎Background 95% 1h
                                                  │▎limited RateLimitReached
                                                  │▎reset credits 2
                                                  │
                                                  │▎◆ WORKSPACE
                                                  │▎cwd /workspace/better-codex
╭────────────────────────────────────────────────╮│▎profile managed
│◆ MESSAGE  ENTER SEND  SHIFT+ENTER NEWLINE  1:37││▎files restricted, net restricted
│> Summarize the new shell architecture          ││▎roots none selected
│                                                ││
│                                                ││
╰────────────────────────────────────────────────╯│
