---
source: tui/src/app_shell_tests.rs
expression: "render_shell(&shell, area)"
---
Better Codex  thinking                          │Dashboard
                                                │Status
────────────────────────────────────────────────│thinking
┌Conversation──────────────────────────────────┐│
│system: Better Codex app shell                ││Model
│you: Create a divergent standalone TUI.       ││gpt-5-codex
│codex: Started a fullscreen app shell backed  ││
│       by app-server turns.                   ││Thread
│plan: 1. Build shell                          ││01900000...
│      2. Wire transcript                      ││
│      3. Render dashboard                     ││Tokens
│tool: exec just test -p codex-tui             ││total 1440
│diff: diff 3 files +128 -24                   ││input 1200
│codex: The new shell owns the fullscreen      ││output 240
│       surface.                               ││context 200000
│                                              ││
│                                              ││Diff
│                                              ││3 files +128 -24
│                                              ││
└──────────────────────────────────────────────┘│Plan
Composer────────────────────────────────────────│Build the standalone shell in
> Summarize the new shell architecture          │slices.
                                                │x Shell frame
                                                │> Transcript model
