---
source: tui/src/app_shell_tests.rs
expression: "render_shell(&shell, area)"
---
 ◆ BC       gpt-5-codex ▾   default ▾  ● thinking │
──────────────────────────────────────────────────│ Sessions │ Agents │ Workspace │ Settings │ Help
                                                  │━━━━━━━━━━━─────────────────────────────────────
 ◆ CONVERSATION                                   │
   ▌ output ... 4 earlier output lines            │▎◆ SESSIONS
   ▌        line 5                                │▎○ CLICK TO FOCUS  ACTIVE  0 sessions
   ▌        line 6                                │▎loading sessions
   ▌        line 7                                │
                                                  │▎◆ TOOLS
                                                  │▎in progress exec just test -p codex-tui
                                                  │▎completed file changes in app_shell
                                                  │
                                                  │▎◆ THREAD
                                                  │▎stage-one
╭────────────────────────────────────────────────╮│▎id 01900000-0000-7000-8000-000000000001
│◆ MESSAGE  ENTER SEND  SHIFT+ENTER NEWLINE  1:37││▎resume, fork, archive, delete in session list
│> Summarize the new shell architecture          ││
│                                                ││▎◆ STATUS
│                                                ││▎thinking
╰────────────────────────────────────────────────╯│
