---
source: tui/src/app_shell_tests.rs
expression: "render_shell(&shell, Rect::new(0, 0, 110, 36,),)"
---
                                                            │
  Dashboard  ◆ BC    gpt-5-codex ▾   default ▾   default ▾  │   Status   │  Agents   │  Sessions   │  Help
────────────────────────────────────────────────────────────│━━━━━━━━━━━━────────────────────────────────────
                                                            │
 ◆ CONVERSATION                                             │▎◆ SETTINGS
 ▎ SYSTEM  Better Codex app shell                           │▎Model │ Permissions │ Appearance │Integrations
 ▎ YOU  Create a divergent standalone TUI.                  │▎──────────────────────────────────━━━━━━━━━━━━━
                                                            │▎mcp inventory refreshed
 ▎ CODEX  Started a fullscreen app shell backed by app-     │▎› MCP servers: 2 servers / 3 tools / 1 login n…
          server turns.                                     │▎  Plugins: not loaded
 ▎ PLAN  1. Build shell                                     │▎
         2. Wire transcript                                 │
         3. Render dashboard                                │▎◆ PLAN
                   ╭──────────────────────────────────────────────────────────────────────╮ slices.
 ▌ tool exec just t│◆ MCP SERVERS                                                         │
                   │1/2 mcp servers  ↑↓ / j k navigate                                    │
 ▌ edited 3 files +│Login ↵  Disable d  Remove x  Add a  Edit e  Reload r                 │
 ▎ STATUS  mcp mana│> login        github 2 tools                                         │
                   │  bearer       linear 1 tools                                         │
 ▎ CODEX  The new s│                                                                      │ codex-tui
                   │Action: press Enter or l to start oauth login                         │
                   │                                                                      │
                   ╰──────────────────────────────────────────────────────────────────────╯
                                                            │
                                                            │▎◆ WORKSPACE
                                                            │▎profile managed
                                                            │▎cwd /workspace/better-codex
                                                            │▎files restricted, net restricted
                                                            │▎roots none selected
                                                            │
╭──────────────────────────────────────────────────────────╮│▎◆ TOKENS
│◆ MESSAGE  1:37                                           ││▎input 1k | output 240
│> Summarize the new shell architecture                    ││▎Context 100% left
│                                                          ││
│                                                          ││
╰──────────────────────────────────────────────────────────╯│
