---
source: tui/src/app_shell_tests.rs
expression: rendered
---
  Dashboard  ◆ BC    gpt-5-codex ▾   default ▾
────────────────────────────────────────────────
│
│  Status   │  Agents   │  Sessions   │  Help
│⌘←→⌫ line · ⌥/^ word  │ ^N new · Sess ↵ focus
│S/A↵ newline · Fn none│ r/f resume/fork
│↵ send  ^C/Esc×2 exit │ a/u/v/d arc/show/del
│Alt+↑/^O select/copy  │ n rename  / search
│Alt+M/E model/effort  │ Agent ↵ focus/log · j…
│^1 Status · ^2 Agents │ Tab/j/k nav · ↵ apply
│^3 Sessions · ^4 Help │ Esc×2 exit · ^D hide
│
╭──────────────────────────────────────────────╮
│◆ MESSAGE  1:37                               │
│> Summarize the new shell architecture        │
╰──────────────────────────────────────────────╯
