---
source: tui/src/app_shell_tests.rs
expression: "render_shell(&shell, area)"
---

 Better Codex                                                          Navigation
                                                                       1S  2W  3Set  4Help

 Conversation                                                          Sessions
 system: Better Codex app shell                                        focused active 2 shown
 you: Create a divergent standalone TUI.                               > 1/2 Refactor dashboard ...
                                                                         2/2 Investigate approva...
 codex: Started a fullscreen app shell backed by app-server turns.     r resume  f fork  a archi...
 plan: 1. Build shell                                                  / search  v archived  esc
       2. Wire transcript
       3. Render dashboard                                             Tools
 ▌ tool exec just test -p codex-tui                                    in progress exec just tes...
 ▌ diff diff 3 files +128 -24                                          completed file changes in...

 codex: The new shell owns the fullscreen surface.                     Thread
                                                                       stage-one
                                                                       id 01900000-0000-7000-800...
                                                                       resume, fork, archive,

                                                                       Status
                                                                       thinking

                                                                       Plan
                                                                       Build the standalone shell
                                                                       in slices.
                                                                       x Shell frame
 Composer ready 1:37                                                   > Transcript model
 > Summarize the new shell architecture
                                                                       Keys
                                                                       Enter send
