---
source: tui/src/app_shell_tests.rs
expression: "render_shell(&shell, area)"
---
Better Codex                                                          Dashboard

Conversation                                                          Status
system: Better Codex app shell                                        thinking
you: Create a divergent standalone TUI.
codex: Started a fullscreen app shell backed by app-server turns.     Model
plan: 1. Build shell                                                  gpt-5-codex
      2. Wire transcript
      3. Render dashboard                                             Thread
tool: exec just test -p codex-tui                                     01900000...
diff: diff 3 files +128 -24
codex: The new shell owns the fullscreen surface.                     Tokens
                                                                      total 1440
                                                                      input 1200
                                                                      output 240
                                                                      context 200000

                                                                      Diff
                                                                      3 files +128 -24

                                                                      Plan
                                                                      Build the standalone shell in
                                                                      slices.
                                                                      x Shell frame
                                                                      > Transcript model
                                                                      - Approvals

                                                                      Tools
                                                                      in progress exec just test -p
                                                                      codex-...
                                                                      completed file changes in
                                                                      app_shel...

                                                                      Workspace
                                                                      cwd /workspace/better-codex
                                                                      branch feature/app-s...
                                                                      changes 13 files
                                                                        added 2
                                                                        modified 5
                                                                        deleted 1
                                                                        renamed 1
                                                                        conflicted 1
                                                                        untracked 3
                                                                      profile managed
Composer ready 1:37                                                   files restricted, net
> Summarize the new shell architecture                                restricted
                                                                      roots none selected
