---
source: tui/src/app_shell_tests.rs
expression: "render_shell(&shell, area)"
---
                                                  │
 ◆ BC       gpt-5-codex ▾   default ▾  ● thinking │ Sessions │ Agents │ Workspace │ Settings │ Help
──────────────────────────────────────────────────│────────────────────────────────━━━━━━━━━━──────
                                                  │
 ◆ CONVERSATION                                   │▎◆ SETTINGS
 ▎ SYSTEM  Better Codex app shell                 │▎Model │ Permissions │ Appearance │ Integrations
 ▎ YOU  Create a divergent standalone TUI.        │▎━━━━━━─────────────────────────────────────────
                                                  │▎› Model: gpt-5-codex
 ▎ CODEX  Started a fullscreen app shell backed   │▎  Reasoning: default
          by app-server turns.                    │▎  Service tier: default
 ▎ PLAN  1. Build shell                           │
         2. Wire transcript                       │▎◆ MODEL
         3. Render dashboard                      │▎gpt-5-codex
                                                  │
 ▌ tool exec just test -p codex-tui               │▎◆ TOKENS
                                                  │▎total 1k
 ▌ edited 3 files +128 -24                        │▎input 1k
                                                  │▎output 240
 ▎ CODEX  The new shell owns the fullscreen       │▎Context 100% left
          surface.                                │
                                                  │▎◆ INTEGRATIONS
                                                  │▎mcp not loaded
╭────────────────────────────────────────────────╮│▎plugins not loaded
│◆ MESSAGE  1:37                                 ││
│> Summarize the new shell architecture          ││▎◆ WORKSPACE
│                                                ││▎cwd /workspace/better-codex
│                                                ││▎profile managed
╰────────────────────────────────────────────────╯│
