---
source: tui/src/app_shell_tests.rs
expression: "render_shell(&shell, area)"
---

 Better Codex                                                          Navigation
                                                                       1S  2W  3Set  4Help

 Conversation                                                          Sessions
 system: Better Codex app shell                                        ctrl+1 focus active 0 shown
 you: Create a divergent standalone TUI.                               loading sessions
                                                                       r resume  f fork  a archi...
 codex: Started a fullscreen app shell backed by app-server turns.     / search  v archived  esc
 plan: 1. Build shell
       2. Wire transcript                                              Tools
       3. Render dashboard                                             in progress exec just tes...
                                                                       completed file changes in...
 ▌ tool exec just test -p codex-tui
                                                                       Thread
 ▌ diff diff 3 files +128 -24                                          stage-one
                                                                       id 01900000-0000-7000-800...
 codex: The new shell owns the fullscreen surface.                     resume, fork, archive,

                                                                       Status
                                                                       thinking
                                                                       turn turn-act...

 Composer busy 1:37                                                    Plan
 > Summarize the new shell architecture                                Build the standalone shell
                                                                       in slices.
                                                                       x Shell frame
