---
source: tui/src/app_shell_tests.rs
expression: "render_shell(&shell, area)"
---

 Better Codex                                                          Navigation
                                                                       1S  2W  3Set  4Help

 Conversation                                                          Workspace
 system: Better Codex app shell                                        cwd /workspace/better-codex
 you: Create a divergent standalone TUI.                               branch feature/app-shell-...
                                                                       changes 13 files
 codex: Started a fullscreen app shell backed by app-server turns.       added 2
 plan: 1. Build shell                                                    modified 5
       2. Wire transcript                                                deleted 1
       3. Render dashboard                                               renamed 1
                                                                         conflicted 1
 ▌ tool exec just test -p codex-tui                                      untracked 3
                                                                       profile managed
 ▌ diff diff 3 files +128 -24                                          files restricted, net
                                                                       restricted
 codex: The new shell owns the fullscreen surface.
                                                                       Diff
                                                                       3 files +128 -24

                                                                       Tools
                                                                       in progress exec just tes...
                                                                       completed file changes in...

                                                                       Keys
                                                                       Enter send
                                                                       Ctrl+C/Esc exit
                                                                       Alt+Up select, Ctrl+O copy
 Composer ready 1:37
 > Summarize the new shell architecture
