---
source: tui/src/app_shell_tests.rs
expression: "render_shell(&shell, area)"
---

 Better Codex                                                    ┌────────┬─────────┬────────┬────┐
                                                                 │Settings│Workspace│Sessions│Help│
                                                                 └────────┴─────────┴────────┴────┘
 Conversation
 system: Better Codex app shell                                  Sessions
 you: Create a divergent standalone TUI.                         unfocused active 0 shown
                                                                 loading sessions
 codex: Started a fullscreen app shell backed by app-server
        turns.                                                   Approvals
 plan: 1. Build shell                                            input Tool input: tool-input-1
       2. Wire transcript
       3. Render dashboard                                       Tools
                                                                 in progress exec just test -p c...
 ▌ tool exec just test -p codex-tui                              completed file changes in app_s...

 ▌ edited 3 files +128 -24                                       Thread
                                                                 stage-one
 codex: The new shell owns the fullscreen surface.               id 01900000-0000-7000-8000-0000...
                                                                 resume, fork, archive, delete in

                                                                 Status
                                                                 thinking
 Tool Input
 ? Tool input: tool-input-1 (1/1)                                Plan
   Environment: Which environment should the tool use?           Build the standalone shell in
 > 2  1 Production  2 Staging                                    slices.
