---
source: tui/src/app_shell_tests.rs
expression: "render_shell(&shell, area)"
---

 Better Codex                                                    ┌────────┬─────────┬────────┬────┐
                                                                 │Settings│Workspace│Sessions│Help│
                                                                 └────────┴─────────┴────────┴────┘
 Conversation
                                                              │  Sessions
 codex: Started a fullscreen app shell backed by app-server   ┃  unfocused active 0 shown
        turns.                                                ┃  loading sessions
 plan: 1. Build shell                                         ┃
       2. Wire transcript                                     ┃  Tools
       3. Render dashboard                                    ┃  in progress exec just test -p c...
                                                              ┃  completed file changes in app_s...
 ▌ tool exec just test -p codex-tui                           ┃
                                                              ┃  Thread
 ▌ edited 3 files +128 -24                                    ┃  stage-one
 system: Our most capable model yet. GPT-5.6 Sol can tackle   ┃  id 01900000-0000-7000-8000-0000...
         complex code changes, dig into research, produce     ┃  resume, fork, archive, delete in
         polished documents, and take on your most ambitious  ┃
         work. Sol is highly capable at lower reasoning       ┃  Status
         efforts—try starting lower, then turn it up for      ┃  thinking
         harder jobs.                                         ┃
                                                                 Plan
                                                                 Build the standalone shell in
 Composer ready 1:37                                             slices.
 > Summarize the new shell architecture                          x Shell frame
                                                                 > Transcript model
