---
source: tui/src/app_shell_tests.rs
expression: "render_shell(&shell, area)"
---
                                                  │
 ◆ BC      gpt-5-codex ▾   default ▾   default ▾  │   Status   │  Agents   │  Sessions   │  Help
──────────────────────────────────────────────────│━━━━━━━━━━━━────────────────────────────────────
                                                  │
 ◆ CONVERSATION                                   │▎◆ SETTINGS
 ▎ SYSTEM  Better Codex app shell                 │▎Model │ Permissions │ Appearance │Integrations
 ▎ YOU  Create a divergent standalone TUI.        │▎─────────────────────━━━━━━━━━━━━──────────────
                                                  │▎edit Syntax theme missing-theme
 ▎ CODEX  Started a fullscreen app shell backed   │▎unknown syntax theme `missing-theme`
          by app-server turns.                    │▎› Syntax theme: default
 ▎ PLAN  1. Build shell                           │▎  Animations: on
         2. Wire transcript                       │▎  Tooltips: on
         3. Render dashboard                      │
                                                  │▎◆ PLAN
 ▌ tool exec just test -p codex-tui               │▎Build the standalone shell in slices.
                                                  │▎x Shell frame
 ▌ edited 3 files +128 -24                        │▎> Transcript model
                                                  │▎- Approvals
 ▎ CODEX  The new shell owns the fullscreen       │
          surface.                                │▎◆ TOOLS
                                                  │▎in progress exec just test -p codex-tui
                                                  │▎completed file changes in app_shell
                                                  │
                                                  │▎◆ EDITS
                                                  │▎3 files +128 -24
                                                  │
╭────────────────────────────────────────────────╮│▎◆ WORKSPACE
│◆ MESSAGE  1:37                                 ││▎cwd /workspace/better-codex
│> Summarize the new shell architecture          ││▎profile managed
│                                                ││▎files restricted, net restricted
│                                                ││▎roots none selected
╰────────────────────────────────────────────────╯│
