---
source: tui/src/app_shell_tests.rs
expression: "render_shell(&shell, area)"
---
                                                  │
  Dashboard  ◆ BC      gpt-5-codex ▾   default ▾  │   Status   │  Agents   │  Sessions   │  Help
──────────────────────────────────────────────────│─────────────────────────━━━━━━━━━━━━━──────────
                                                  │
 ◆ CONVERSATION                                   │▎◆ SESSIONS
 ▎ SYSTEM  Better Codex app shell                 │▎○ CLICK TO FOCUS  ACTIVE  0 sessions
 ▎ YOU  Create╭──────────────────────────────────────────────────────────────────────╮
              │◆ ACTIONS  Ctrl+P                                                     │
 ▎ CODEX  Star│                                                                      │
          by a│▌ New session  Start an empty session in the c...                     │
 ▎ PLAN  1. Bu│  Copy transcript item                                                │
         2. Wi│  Clear visible transcript                                            │00001
         3. Re│  Select latest transcript item                                       │ession list
              │  Jump transcript to top                                              │
 ▌ tool exec j│  Jump transcript to bottom                                           │
              │  Interrupt active turn                                               │
 ▌ edited 3 fi│  Switch model                                                        │
              │  Change permissions                                                  │
 ▎ CODEX  The │  Resume thread                                                       │
          surf│  Fork thread                                                         │
              │  Import Claude Code setup                                            │
              │  Compact context                                                     │
              │↑↓ / j k navigate   Enter select   Esc close  1/13                    │
              ╰──────────────────────────────────────────────────────────────────────╯
╭────────────────────────────────────────────────╮│
│◆ MESSAGE  1:37                                 ││
│> Summarize the new shell architecture          ││
│                                                ││
│                                                ││
╰────────────────────────────────────────────────╯│
