---
source: tui/src/app_shell_tests.rs
expression: "render_shell(&shell, area)"
---
                                                  │
 ◆ BC         gpt-5.6-sol ▾   max ▾   priority ▾  │ Settings │ Agents │ Workspace │ Sessions │ Help
──────────────────────────────────────────────────│━━━━━━━━━━──────────────────────────────────────
                                                  │
 ◆ CONVERSATION                                   │▎◆ SETTINGS
 ▎ SYSTEM  Better Codex app shell                 │▎Model │ Permissions │ Appearance │Integrations
 ▎ YOU  Create a divergent standalone TUI.        │▎━━━━━━─────────────────────────────────────────
                                                  │▎› Model: gpt-5.6-sol
 ▎ CODEX  Started a fullscreen app shell backed   │▎  Reasoning: Max
          by app-server turns.                    │▎  Service tier: priority
 ▎ PLAN  1. Build shell                           │
         2. Wire transcript                       │▎◆ TOKENS
         3. Render dashboard                      │▎input 1k | output 240
                                                  │▎Context 100% left
 ▌ tool exec just test -p codex-tui               │
                                                  │▎◆ WORKSPACE
 ▌ edited 3 files +128 -24                        │▎cwd /workspace/better-codex
                                                  │▎profile managed
 ▎ CODEX  The new shell owns the fullscreen       │▎files restricted, net restricted
          surface.                                │▎roots none selected
                                                  │
                                                  │
╭────────────────────────────────────────────────╮│
│◆ MESSAGE  1:37                                 ││
│> Summarize the new shell architecture          ││
│                                                ││
│                                                ││
╰────────────────────────────────────────────────╯│
