---
source: tui/src/app_shell_tests.rs
expression: "render_shell(&shell, area)"
---
                                                  │
  Dashboard  ◆ BC      gpt-5-codex ▾   default ▾  │   Status   │  Agents   │  Sessions   │  Help
──────────────────────────────────────────────────│
                                                  │◆ CONVERSATION         │ ◆ COMPOSER
 ◆ CONVERSATION                                   │ ↵ / c       Copy item │  ⌘← / →      Line ends
 ▎ SYSTEM  Better Codex app shell                 │ e           Branch    │  ⌘⌫          Delete st…
 ▎ YOU  Create a divergent standalone TUI.        │ ^O/⌥1-9     Copy reply│  ⌥/^ + ←→    Move word
                                                  │                       │  S/A + ↵     Newline
 ▎ CODEX  Started a fullscreen app shell backed   │◆ DASHBOARD            │  Alt+M       Model
          by app-server turns.                    │ F1 … F4     Open tab  │  Alt+E       Effort
 ▎ PLAN  1. Build shell                           │ Alt+← / →   Prev/next │  Alt+↑ / ↓   Edit queue
         2. Wire transcript                       │ Pg↑ / Pg↓   Scroll he…│
         3. Render dashboard                      │ ⇧Alt+←/→    Resize    │ ◆ APP
                                                  │                       │  ^P          Commands
 ▌ tool exec just test -p codex-tui               │◆ SESSIONS             │  ^D          Show/hide
                                                  │ ↑↓ / jk     Select    │  ^C          Stop/canc…
 ▌ edited 3 files +128 -24                        │ ↵ / r       Resume    │  Esc ×2      Exit app
                                                  │ f           Fork      │  ^N          New chat
 ▎ CODEX  The new shell owns the fullscreen       │ a           Archive   │
          surface.                                │ u           Unarchive │ ◆ AGENTS
                                                  │ v           Switch vi…│  ↵           Focus/log
                                                  │ n           Rename    │  ↑↓ / jk     Select
                                                  │ /           Search    │  g / G       First/last
                                                  │ d           Delete    │  r           Reload log
                                                  │
                                                  │
                                                  │
                                                  │
                                                  │
                                                  │
                                                  │
                                                  │
                                                  │
╭────────────────────────────────────────────────╮│
│◆ QUEUED  1                                     ││
│   1  first queued follow-up                    ││
│Click to edit   Alt+↑↓ navigate   Shift+Alt+↑↓ …││
╰────────────────────────────────────────────────╯│
╭────────────────────────────────────────────────╮│
│◆ MESSAGE  1:15                                 ││
│> ordinary draft                                ││
│                                                ││
│                                                ││
╰────────────────────────────────────────────────╯│
