---
source: tui/src/app_shell_tests.rs
expression: "render_shell(&shell, Rect::new(0, 0, 80, 16,))"
---
  Dashboard  ◆ BC             gpt-5-codex ▾   default ▾   default ▾  ◐ thinking
────────────────────────────────────────────────────────────────────────────────

 ◆ CONVERSATION
 ▎ YOU    indented content





╭──────────────────────────────────────────────────────────────────────────────╮
│◆ MESSAGE  ● RUNNING  3:1                                                     │
│>   indented content                                                          │
│                                                                              │
│                                                                              │
╰──────────────────────────────────────────────────────────────────────────────╯
