---
source: tui/src/app_shell_tests.rs
expression: "render_shell(&shell, area)"
---
                                                                      │
 ◆ BETTER CODEX  better-codex   gpt-5-codex ▾   default ▾  ● thinking │ Sessions │ Agents │ Workspace │ Settings │ Help
──────────────────────────────────────────────────────────────────────│━━━━━━━━━━──────────────────────────────────────
                                                                      │
 ◆ CONVERSATION                                                       │▎◆ SESSIONS
 ▎ SYSTEM  Better Codex app shell                                     │▎○ CLICK TO FOCUS  ACTIVE  0 sessions
 ▎ YOU  Create a divergent standalone TUI.                            │▎loading sessions
                                                                      │
 ▎ CODEX  Started a fullscreen app shell backed by app-server turns.  │▎◆ APPROVALS
 ▎ PLAN  1. Build shell                                               │▎approval Run command: cargo test -p codex-tui
         2. Wire transcript                                           │▎input Tool input: tool-input-1
         3. Render dashboard                                          │
                                                                      │▎◆ BACKGROUND
 ▌ tool exec just test -p codex-tui                                   │▎workspace refresh queued
                                                                      │
 ▌ edited 3 files +128 -24                                            │▎◆ TOOLS
 ▎ PLAN  1. Route activity into dashboard panels                      │▎in progress exec just test -p codex-tui
                                                                      │▎completed file changes in app_shell
 ▎ CODEX  The new shell owns the fullscreen surface.                  │
                                                                      │▎◆ THREAD
                                                                      │▎stage-one
                                                                      │▎id 01900000-0000-7000-8000-000000000001
                                                                      │▎resume, fork, archive, delete in session list
                                                                      │
                                                                      │▎◆ STATUS
                                                                      │▎thinking
                                                                      │▎turn turn-bac...
                                                                      │
                                                                      │▎◆ PLAN
                                                                      │▎Build the standalone shell in slices.
                                                                      │▎x Shell frame
                                                                      │▎> Transcript model
                                                                      │▎- Approvals
                                                                      │
                                                                      │
                                                                      │
                                                                      │
                                                                      │
                                                                      │
                                                                      │
                                                                      │
                                                                      │
                                                                      │
                                                                      │
                                                                      │
                                                                      │
╭────────────────────────────────────────────────────────────────────╮│
│◆ APPROVAL                                                          ││
│? Run command: cargo test -p codex-tui                              ││
│  Needs network access - /workspace/better-codex                    ││
│   Approve ↵   Deny n   Edit e   Explain ?                          ││
│                                                                    ││
│                                                                    ││
╰────────────────────────────────────────────────────────────────────╯│
