---
source: tui/src/app_shell_tests.rs
expression: "render_shell(&shell, area)"
---
                                                  │
  Dashboard  ◆ BC          gpt-5.6-sol ▾   max ▾  │   Status   │  Agents   │  Sessions   │  Help
──────────────────────────────────────────────────│━━━━━━━━━━━━────────────────────────────────────
                                                  │
 ◆ CONVERSATION                                   │▎◆ SETTINGS
 ▎ SYSTEM  Better Codex app shell                 │▎Model │ Permissions │ Appearance │Integrations
 ▎ YOU  Create a divergent standalone TUI.        │▎━━━━━━─────────────────────────────────────────
                                                  │▎› Model: gpt-5.6-sol
 ▎ CODEX  Started a fullscreen app shell backed   │▎  Reasoning: Max
          by app-server turns.                    │▎  Service tier: priority
 ▎ PLAN  1. Build shell                           │
         2. Wire transcript                       │▎◆ PLAN
         3. Render dashboard                      │▎Build the standalone shell in slices.
                                                  │▎x Shell frame
 ▌ tool exec just test -p codex-tui               │▎> Transcript model
                                                  │▎- Approvals
 ▌ edited 3 files +128 -24                        │
                                                  │▎◆ TOOLS
 ▎ CODEX  The new shell owns the fullscreen       │▎in progress exec just test -p codex-tui
          surface.                                │
                                                  │▎◆ EDITS
                                                  │▎3 files +128 -24
╭────────────────────────────────────────────────╮│
│◆ MESSAGE  1:37                                 ││▎◆ WORKSPACE
│> Summarize the new shell architecture          ││▎profile managed
│                                                ││▎cwd /workspace/better-codex
│                                                ││▎files restricted, net restricted
╰────────────────────────────────────────────────╯│
