---
source: tui/src/app_shell_tests.rs
expression: rendered
---
 ◆ BC       gpt-5-codex ▾   default ▾  ● thinking │
──────────────────────────────────────────────────│ Sessions │ Agents │ Workspace │ Settings │ Help
                                                  │━━━━━━━━━━━─────────────────────────────────────
 ◆ CONVERSATION                                   │
 ▎ SYSTEM  Better Codex app shell                 │▎◆ SESSIONS
 ▎ YOU  Create a divergent standalone TUI.        │▎● FOCUSED  ACTIVE  10 sessions
                                                  │▎   3/10 Session 03 [main]  Preview for session…
 ▎ CODEX  Started a fullscreen app shell backed   │▎   4/10 Session 04 [main]  Preview for session…
          by app-server turns.                    │▎   5/10 Session 05 [main]  Preview for session…
 ▎ PLAN  1. Build shell                           │▎   6/10 Session 06 [main]  Preview for session…
         2. Wire transcript                       │▎   7/10 Session 07 [main]  Preview for session…
         3. Render dashboard                      │▎›  8/10 Session 08 [main]  Preview for session…
                                                  │
 ▌ tool exec just test -p codex-tui               │▎◆ TOOLS
                                                  │▎in progress exec just test -p codex-tui
 ▌ edited 3 files +128 -24                        │▎completed file changes in app_shell
                                                  │
 ▎ CODEX  The new shell owns the fullscreen       │▎◆ THREAD
          surface.                                │▎stage-one
                                                  │▎id 01900000-0000-7000-8000-000000000001
                                                  │▎resume, fork, archive, delete in session list
                                                  │
                                                  │▎◆ STATUS
                                                  │▎thinking
                                                  │
                                                  │▎◆ PLAN
╭────────────────────────────────────────────────╮│▎Build the standalone shell in slices.
│◆ MESSAGE  ENTER SEND  SHIFT+ENTER NEWLINE  1:37││▎x Shell frame
│> Summarize the new shell architecture          ││▎> Transcript model
│                                                ││▎- Approvals
│                                                ││
╰────────────────────────────────────────────────╯│
