---
source: tui/src/app_shell_tests.rs
expression: rendered
---

  Dashboard  ◆ BC           gpt-5-codex ▾   default ▾   default ▾  ● thinking
──────────────────────────────────────────────────────────────────────────────
                            │
 ◆ CONVERSATION             │   Status   │  Agents   │  Sessions   │  Help
 ▎ YOU  Create a divergent s│◆ CONVERSATION         │ ◆ COMPOSER
                            │ Alt+↑ / ↓   Select ms…│  ⌘← / →      Line ends
 ▎ CODEX  Started a fullscre│ ↵ / c       Copy item │  ⌘⌫          Delete st…
 ▎ PLAN  1. Build shell     │ e           Branch    │  ⌥/^ + ←→    Move word
         2. Wire transcript │ ^O          Copy reply│  S/A + ↵     Newline
         3. Render dashboard│◆ DASHBOARD            │  Alt+M       Model
                            │ ^1 … ^4     Open tab  │  Alt+E       Effort
 ▌ tool exec just test -p co│ Alt+← / →   Prev/next │ ◆ APP
                            │ Pg↑ / Pg↓   Scroll he…│  ^P          Commands
 ▌ edited 3 files +128 -24  │ ⇧Alt+←/→    Resize    │  ^D          Show/hide
                            │◆ SESSIONS             │  ^C          Stop/canc…
 ▎ CODEX  The new shell owns│ ↑↓ / jk     Select    │  Esc ×2      Exit app
                            │
╭────────────────────────────────────────────────────────────────────────────╮
│◆ MESSAGE  1:37                                                             │
│> Summarize the new shell architecture                                      │
│                                                                            │
│                                                                            │
╰────────────────────────────────────────────────────────────────────────────╯
