---
source: tui/src/app_shell_tests.rs
expression: "render_shell(&shell, area)"
---

 Better Codex                                                        ┌───────┬──────┬──────┬──────┐
                                                                     │  1S   │  2W  │ 3Set │4Help │
                                                                     └───────┴──────┴──────┴──────┘
 Conversation
   ▌ output ... 4 earlier output lines                               Sessions
   ▌        line 5                                                   unfocused active 0 shown
   ▌        line 6                                                   loading sessions
   ▌        line 7
                                                                     Tools
                                                                     in progress exec just test ...
                                                                     completed file changes in a...

                                                                     Thread
                                                                     stage-one
 Composer ready 1:37                                                 id 01900000-0000-7000-8000-...
 > Summarize the new shell architecture                              resume, fork, archive, delete

                                                                     Status
