---
source: tui/src/app_shell_tests.rs
expression: "render_shell(&shell, area)"
---

 Better Codex                                                    ┌────────┬─────────┬────────┬────┐
                                                                 │Settings│Workspace│Sessions│Help│
                                                                 └────────┴─────────┴────────┴────┘
 Conversation
                                                              │  Sessions
 codex: Started a fullscreen app shell backed by app-server   ┃  unfocused active 0 shown
        turns.                                                ┃  loading sessions
 plan: 1. Build shell                                         ┃
       2. Wire transcript                                     ┃  Tools
       3. Render dashboard                                    ┃  in progress exec just test -p c...
                                                              ┃  completed file changes in app_s...
 ▌ tool exec just test -p codex-tui                           ┃
                                                              ┃  Thread
 ▌ edited 3 files +128 -24                                    ┃  stage-one
                                                              ┃  id 01900000-0000-7000-8000-0000...
 codex: The new shell owns the fullscreen surface.            ┃  resume, fork, archive, delete in

                                                                 Status
 Composer ready 7:6                                              thinking
 > alpha
                                                                 Plan
   bravo                                                         Build the standalone shell in
                                                                 slices.
   charlie                                                       x Shell frame
                                                                 > Transcript model
   delta
