---
source: tui/src/app_shell_tests.rs
expression: "render_shell(&shell, area)"
---
                                                  │
  Dashboard  ◆ BC      gpt-5-codex ▾   default ▾  │   Status   │  Agents   │  Sessions   │  Help
──────────────────────────────────────────────────│─────────────────────────━━━━━━━━━━━━━──────────
                                                  │
 ◆ CONVERSATION                                   │▎◆ SESSIONS
 ▎ YOU  Create a divergent standalone TUI.      ┃ │▎○ CLICK TO FOCUS  ACTIVE  0 sessions
                                                ┃ │▎+ New session  Ctrl+N
 ▎ CODEX  Started a fullscreen app shell backed ┃ │▎loading sessions
          by app-server turns.                  ┃ │
 ▎ PLAN  1. Build shell                         ┃ │▎◆ THREAD
         2. Wire transcript                     ┃ │▎stage-one
         3. Render dashboard                    ┃ │▎id 01900000-0000-7000-8000-000000000001
                                                ┃ │▎resume, fork, archive, delete in session list
 ▌ tool exec just test -p codex-tui             ┃ │
                                                ┃ │
 ▌ edited 3 files +128 -24                      ┃ │
                                                ┃ │
 ▎ CODEX  The new shell owns the fullscreen     ┃ │
          surface.                              ┃ │
                                                  │
╭────────────────────────────────────────────────╮│
│◆ MCP ELICITATION                               ││
│? MCP github: URL request                       ││
│  Open the GitHub authorization page? - https://││
│  github.com/login/device                       ││
│   Accept ↵   Decline d   Cancel c              ││
│                                                ││
╰────────────────────────────────────────────────╯│
