---
source: tui/src/app_shell_tests.rs
expression: "render_shell(&shell, Rect::new(0, 0, 112, 30))"
---
                                                              │
 ◆ BC                   gpt-5-codex ▾   default ▾  ● thinking │ Sessions │ Agents │ Workspace │ Settings │ Help
──────────────────────────────────────────────────────────────│────────────────────────────────━━━━━━━━━━━─────
                                                              │
 ◆ CONVERSATION                                               │▎◆ SETTINGS
 ▎ SYSTEM  Better Codex app shell                             │▎● FOCUSED  MODEL  3 fields
 ▎ YOU  Create a divergent standalone TUI.                    │▎▸ Model    Permissions
                                                              │▎  Appearance    Integrations
 ▎ CODEX  Started a fullscreen app shell backed by app-server │▎› Model: gpt-5-codex
          turns.                                              │▎  Reasoning: default
 ▎ PLAN  1. Build shell                                       │▎  Service tier: default
         2. Wire transcript                                   │
         3. Render dashboard                                  │▎◆ MODEL
                                                              │▎gpt-5-codex
 ▌ tool exec just test -p codex-tui                           │
                                                              │▎◆ TOKENS
 ▌ edited 3 files +128 -24                                    │▎total 1k
                                                              │▎input 1k
 ▎ CODEX  The new shell owns the fullscreen surface.          │▎output 240
                                                              │▎Context 100% left
                                                              │
                                                              │▎◆ INTEGRATIONS
                                                              │▎mcp not loaded
                                                              │▎plugins not loaded
╭────────────────────────────────────────────────────────────╮│
│◆ MESSAGE  ENTER SEND  SHIFT+ENTER NEWLINE  1:37            ││▎◆ WORKSPACE
│> Summarize the new shell architecture                      ││▎cwd /workspace/better-codex
│                                                            ││▎profile managed
│                                                            ││▎files restricted, net restricted
╰────────────────────────────────────────────────────────────╯│
