---
source: tui/src/app_shell_tests.rs
expression: "render_shell(&shell, Rect::new(0, 0, 60, 24,))"
---

  Dashboard  ◆ BC    gpt-5-codex ▾   default ▾   default ▾
────────────────────────────────────────────────────────────
          │
 ◆ CONVERS│   Status   │  Agents   │  Sessions   │  Help
          │─────────────────────────━━━━━━━━━━━━━──────────
 ▎ PLAN  1│▎◆ SESSIONS
         2│▎○ CLICK TO FOCUS  ACTIVE  0 sessions
         3│▎+ New session  Ctrl+N
          │▎loading sessions
 ▌ tool ex│▎◆ THREAD
          │▎stage-one
 ▌ edited │▎id 01900000-0000-7000-8000-000000000001
          │▎resume, fork, archive, delete in session list
 ▎ CODEX  │
          │
╭──────────────────────────────────────────────────────────╮
│◆ TOOL INPUT                                              │
│? Tool input: tool-input-2 (1/1)                          │
│  API key: Which API key should be used?                  │
│> …*************************************************▏*****│
│                                                          │
│                                                          │
╰──────────────────────────────────────────────────────────╯
