---
source: tui/src/app_shell_tests.rs
expression: "render_shell(&shell, area)"
---

 Better Codex


 Navigation  Alt + Left / Right
         1S         |        2W        |       3Set       |      4Help
 Tools in progress exec just test -p codex-tui


 Conversation
   ▌        cargo build output line 158                                     ┃
   ▌        cargo build output line 159                                     ┃
   ▌        cargo build output line 160                                     ┃


 Composer ready 1:37
 > Summarize the new shell architecture
