---
source: tui/src/app_shell_tests.rs
expression: "render_shell(&shell, area)"
---
                                                  │
  Dashboard  ◆ BC      gpt-5-codex ▾   default ▾  │   Status   │  Agents   │  Sessions   │  Help
──────────────────────────────────────────────────│─────────────────────────━━━━━━━━━━━━━──────────
                                                  │
 ◆ CONVERSATION                                   │▎◆ SESSIONS
          surface.                              ┃ │▎○ CLICK TO FOCUS  ACTIVE  0 sessions
                                                  │▎+ New session  Ctrl+N
╭────────────────────────────────────────────────╮│▎loading sessions
│◆ APPROVAL                                      ││
│? Run command: cargo test -p codex-tui          ││▎◆ THREAD
│  Reason: Needs network access                  ││▎stage-one
│  Working directory: /workspace/better-codex    ││▎id 01900000-0000-7000-8000-000000000001
│  Command actions: [{ type: "read", command:    ││▎resume, fork, archive, delete in session list
│  "cat Cargo.toml", name: "Cargo.toml", path: "/││
│  workspace/better-codex/Cargo.toml" }]         ││
│  Requested additional per-command permissions: ││
│  { network: { enabled: true }, fileSystem:     ││
│  { read: null, write: null, entries: [{ path:  ││
│  { type: "path", path: "/workspace/shared-     ││
│  cache" }, access: "write" }] } }              ││
│  Proposed persistent command rule: ["cargo",   ││
│  "test"]                                       ││
│> 1 Run once                                    ││
│  2 Run and always allow command prefix: cargo  ││
│  test                                          ││
│  3 Deny and interrupt                          ││
│   e Edit   ? Explain                           ││
╰────────────────────────────────────────────────╯│
