---
source: tui/src/startup_hooks_review_tests.rs
expression: terminal.backend().to_string()
---
"                                                                                                    "
" Better Codex                                                          Startup                      "
"                                                                                                    "
"                                                                       workspace                    "
" Hooks need review                                                     /tmp                         "
"                                                                                                    "
" 2 hooks are new or changed.                                           needs review 2               "
" Hooks can run outside the sandbox after you trust them.               warnings 0                   "
"                                                                       errors 0                     "
" > 1. Review hooks                                                                                  "
"   Open the hooks browser before starting the app shell.               selected Review hooks        "
"   2. Trust all and continue                                                                        "
"   Persist trust for every new or changed hook.                                                     "
"   3. Continue without trusting                                                                     "
"   Start the app shell with untrusted hooks disabled.                                               "
"                                                                                                    "
"                                                                                                    "
"                                                                                                    "
"                                                                                                    "
"                                                                                                    "
"                                                                                                    "
"                                                                                                    "
"                                                                                                    "
"                                                                                                    "
"                                                                                                    "
"                                                                                                    "
" Enter continue  Up/Down choose  1/2/3 jump  Esc continue                                           "
" Hook trust decisions are written through app-server config.                                        "
"                                                                                                    "
"                                                                                                    "
