---
source: tui/src/app_shell_tests.rs
expression: "render_shell(&shell, Rect::new(0, 0, 100, 28,))"
---
                                                  │
  Dashboard  ◆ BC      gpt-5-codex ▾   default ▾  │   Status   │  Agents   │  Sessions   │  Help
──────────────────────────────────────────────────│
                                                  │◆ COMPOSER             │ ◆ DASHBOARD
 ◆ CONVERSATION                                   │ ⌘←→⌫/⌥^  Line · word  │  ^1–4/Tab  Switch/page
 ▎ SYSTEM  Better Codex app shell                 │ S/A↵/Fn  Newline/nav  │ ◆ AGENTS
 ▎ YOU  Create a divergent standalone TUI.        │ ↵        Send         │  ↵/jk     Focus/log
                                                  │ Alt+↑/^O  Select/copy │ ◆ SESSIONS
 ▎ CODEX  Started a fullscreen app shell backed   │ Alt+M/E  Model/effort │  ^N/↵     New/focus
          by app-server turns.                    │◆ APP                  │  r/f      Resume/fork
 ▎ PLAN  1. Build shell                           │ ^C/Esc×2  Cancel/exit │  a/u/v/d  Arc/view/del
         2. Wire transcript                       │ ^D       Hide dash    │  n · /    Name/search
         3. Render dashboard                      │
                                                  │
 ▌ tool exec just test -p codex-tui               │
                                                  │
 ▌ edited 3 files +128 -24                        │
                                                  │
 ▎ CODEX  The new shell owns the fullscreen       │
          surface.                                │
                                                  │
                                                  │
╭────────────────────────────────────────────────╮│
│◆ MESSAGE  1:1                                  ││
│> Type a message, Shift+Enter for newline       ││
│                                                ││
│                                                ││
╰────────────────────────────────────────────────╯│
