---
source: tui/src/app_shell_tests.rs
expression: "render_shell(&shell, area)"
---

 Better Codex


 Navigation  Alt + Left / Right
     1S     |    2W     |   3Set    |  4Help
 Tools in progress exec just test -p codex-tui
 Sessions unfocused active 0 shown
 Thread stage-one


 Conversation
                                              │
 ▌ edited 3 files +128 -24                    │
                                              │
 codex: The new shell owns the fullscreen     ┃
        surface.                              ┃


 Composer ready 1:37
 > Summarize the new shell architecture
