---
source: tui/src/app_shell_tests.rs
expression: rendered
---

  Dashboard  ◆ BC        gpt-5-codex ▾
────────────────────────────────────────
╭──────────────────────────────────────╮
│◆ APPROVAL                            │
│  ↑ more (j/k or arrows)              │
│prefix'; printf 'validated safe       │
│prefix'; printf 'validated safe       │
│prefix'; && rm -rf /workspace/        │
│production                            │
│  Reason: Review the full command     │
│  before approving                    │
│  Working directory: /workspace/      │
│  better-codex                        │
│> 1 Run once                          │
│  2 Deny and interrupt                │
│   e Edit   ? Explain                 │
╰──────────────────────────────────────╯
