---
source: tui/src/app_shell_tests.rs
expression: "render_shell(&shell, area)"
---

 Better Codex                                                        Navigation  Alt + Left / Right
                                                                       1S   |  2W   | 3Set  |4Help

 Conversation                                                        Keys
 system: Better Codex app shell                                      Enter steer
 you: Create a divergent standalone TUI.                             Ctrl+C interrupt, Esc x2 exit
                                                                     Alt+Up select, Ctrl+O copy
 codex: Started a fullscreen app shell backed by app-server turns.   Ctrl+D hide dashboard
 plan: 1. Build shell                                                Sessions: Ctrl+1 select/focus
       2. Wire transcript                                            r resume, f fork, a/u archive
       3. Render dashboard                                           v archived, d delete
                                                                     n rename, / search
 ▌ tool exec just test -p codex-tui                                  Settings: Ctrl+3 select/focus
                                                                     Enter edit/cycle, Tab page
 ▌ edited 3 files +128 -24                                           Esc return to composer

 codex: The new shell owns the fullscreen surface.                   Status
                                                                     thinking
                                                                     turn turn-act...

                                                                     Tools
                                                                     in progress exec just test ...
                                                                     completed file changes in a...















 Composer busy 1:37
 > Summarize the new shell architecture
