---
source: tui/src/app_shell_tests.rs
expression: rendered
---

 ◆ BC                       gpt-5-codex ▾   default ▾   default ▾  ● thinking
──────────────────────────────────────────────────────────────────────────────

       Status       │      Agents      │      Sessions      │      Help
 ────────────────────────────────────────────────────────────━━━━━━━━━━━━━━━━
 ▎◆ KEYS
 ▎Alt+Left/Right switch views          │ Mouse click tabs and rows
 ▎Shift/Alt+Enter newline              │ Sessions: Enter focus, j/k move
 ▎Enter send                           │ r resume, f fork, a/u archive
 ▎Ctrl+C/Esc twice to exit             │ v archived, d delete
 ▎Alt+Up select, Ctrl+O copy           │ n rename, / search
 ▎Ctrl+D hide dashboard                │ Agents: Enter focus/log, j/k inspect
 ▎Alt+M model, Alt+E effort            │ Status: Tab page, Enter select
 ▎Ctrl+1 Status  Ctrl+2 Agents         │ Selectors: j/k choose, Enter apply
 ▎Ctrl+3 Sessions Ctrl+4 Help          │ Esc twice to exit

 ◆ CONVERSATION
╭────────────────────────────────────────────────────────────────────────────╮
│◆ MESSAGE  1:37                                                             │
│> Summarize the new shell architecture                                      │
│                                                                            │
│                                                                            │
╰────────────────────────────────────────────────────────────────────────────╯
