---
source: tui/src/app_shell_tests.rs
expression: "render_shell(&shell, Rect::new(0, 0, 112, 30))"
---
                                                              │
 ◆ BC                   gpt-5-codex ▾   default ▾  ● thinking │ Settings │ Agents │ Workspace │ Sessions │ Help
──────────────────────────────────────────────────────────────│───────────━━━━━━━━─────────────────────────────
                                                              │
 ◆ CONVERSATION                                               │▎◆ AGENTS
 ▎ SYSTEM  Better Codex app shell                             │▎Agents 4  ● 1 active  ✓ 1 done  ! 1 interrupted
 ▎ YOU  Create a divergent standalone TUI.                    │▎  × 1 failed
                                                              │▎  ● running  research
 ▎ CODEX  Started a fullscreen app shell backed by app-server │▎    └ ✓ completed  visual
          turns.                                              │▎  ! interrupted  testing
 ▎ PLAN  1. Build shell                                       │▎›   └ × errored  failure
         2. Wire transcript                                   │▎Inspector  failure  × errored
         3. Render dashboard                                  │▎Path  /root/testing/failure
                                                              │▎Task  Review the new TUI flow and visual
 ▌ tool exec just test -p codex-tui                           │▎      hierarchy.
                                                              │▎Runtime  gpt-5-codex · high reasoning
 ▌ edited 3 files +128 -24                                    │▎Latest  Compact flow failed
                                                              │▎Recent
 ▎ CODEX  The new shell owns the fullscreen surface.          │▎  • agent spawned
                                                              │▎  • agent started
                                                              │▎Enter full log · j/k select · Esc release
                                                              │
                                                              │
                                                              │
╭────────────────────────────────────────────────────────────╮│
│◆ MESSAGE  1:37                                             ││
│> Summarize the new shell architecture                      ││
│                                                            ││
│                                                            ││
╰────────────────────────────────────────────────────────────╯│
