---
source: tui/src/app_shell_tests.rs
expression: "render_shell(&shell, area)"
---

 Better Codex                                                          Navigation
                                                                       1S  2W  3Set  4Help

 Conversation                                                          Sessions
 ▌ tool exec cargo test                                                ctrl+1 focus active 0 shown
                                                                       loading sessions
   ▌ output pytest 40%                                                 r resume  f fork  a archi...
   ▌        pytest 80%                                                 / search  v archived  esc
   ▌        pytest 100%
                                                                       Tools
                                                                       in progress exec just tes...
                                                                       completed file changes in...
                                                                       in progress exec cargo test

 Composer ready 1:37                                                   Thread
 > Summarize the new shell architecture▌                               stage-one
                                                                       id 01900000-0000-7000-800...
                                                                       resume, fork, archive,
