---
source: tui/src/app_shell_tests.rs
expression: rendered
---
  Dashboard  ◆ BC      gpt-5-codex ▾   default ▾  │
──────────────────────────────────────────────────│   Status   │  Agents   │  Sessions   │  Help
              ╭──────────────────────────────────────────────────────────────────────╮━━━──────────
 ◆ CONVERSATIO│◆ ACTIONS  Ctrl+P                                                     │
 ▎ CODEX  The │                                                                      │
          surf│  Fork thread                                                         │ns
              │  Import Claude Code setup                                            │
╭─────────────│▌ Compact context  Compact the current thread context                 │
│◆ MESSAGE  1:│↑↓ / j k navigate   Enter select   Esc close  ↑13/13                  │
│> Summarize t╰──────────────────────────────────────────────────────────────────────╯
│                                                ││▎stage-one
╰────────────────────────────────────────────────╯│
