---
source: tui/src/app_shell_tests.rs
expression: "&styled[..2]"
---
[
    Line::from_iter([
        Span::from("◆ ").fg(Color::Rgb(187, 154, 247)),
        Span::from("CONVERSATION").fg(Color::Rgb(187, 154, 247)).bold(),
        Span::from("                         "),
        Span::from("│ ").fg(Color::Rgb(65, 72, 104)),
        Span::from("◆ ").fg(Color::Rgb(187, 154, 247)),
        Span::from("COMPOSER").fg(Color::Rgb(187, 154, 247)).bold(),
    ]),
    Line::from_iter([
        Span::from(" Alt+Up / Down   ").fg(Color::Rgb(125, 207, 255)),
        Span::from(" "),
        Span::from("Select messages"),
        Span::from("      "),
        Span::from("│ ").fg(Color::Rgb(65, 72, 104)),
        Span::from(" Cmd+Left / Right ").fg(Color::Rgb(125, 207, 255)),
        Span::from(" "),
        Span::from("Line start / end"),
    ]),
]
