---
source: core/tests/suite/compact_remote.rs
expression: "format_labeled_requests_snapshot(\"Remote pre-turn compaction during model switch includes the incoming model-switch context and user input, then restores both after the summary.\",\n&[(\"Initial Request (Previous Model)\", &initial_turn_request),\n(\"Remote Compaction Request\", &compact_request),\n(\"Remote Post-Compaction History Layout\", &post_compact_turn_request),])"
---
Scenario: Remote pre-turn compaction during model switch includes the incoming model-switch context and user input, then restores both after the summary.

## Initial Request (Previous Model)
00:message/developer:<PERMISSIONS_INSTRUCTIONS>
01:message/user:<ENVIRONMENT_CONTEXT:cwd=<CWD>>
02:message/user:BEFORE_SWITCH_USER

## Remote Compaction Request
00:message/developer:<PERMISSIONS_INSTRUCTIONS>
01:message/user:<ENVIRONMENT_CONTEXT:cwd=<CWD>>
02:message/user:BEFORE_SWITCH_USER
03:message/assistant:BEFORE_SWITCH_REPLY
04:message/developer[2]:
    [01] <model_switch>\nThe user was previously using a different model....
    [02] <PERMISSIONS_INSTRUCTIONS>
05:message/user:AFTER_SWITCH_USER

## Remote Post-Compaction History Layout
00:message/user:BEFORE_SWITCH_USER
01:compaction:encrypted=true
02:message/developer[2]:
    [01] <model_switch>\nThe user was previously using a different model....
    [02] <PERMISSIONS_INSTRUCTIONS>
03:message/user:<ENVIRONMENT_CONTEXT:cwd=<CWD>>
04:message/user:AFTER_SWITCH_USER
