---
source: tui/src/app_shell/startup_login_tests.rs
expression: terminal.backend().to_string()
---
"                                                                                                    "
"                                                                                                    "
"                                                                                                    "
"                                                                                                    "
"                                                                                                    "
"                                                                                                    "
"                                                                                                    "
"                                                                                                    "
"              ╭──────────────────────────────────────────────────────────────────────╮              "
"              │◆ ACCOUNT LOGIN                                                       │              "
"              │Choose how to sign in.                                                │              "
"              │                                                                      │              "
"              │> 1. Sign in with ChatGPT                                             │              "
"              │    Get a one-time code and finish sign-in in your browser.           │              "
"              │  2. Exit                                                             │              "
"              │    Return to the terminal without starting a thread.                 │              "
"              │                                                                      │              "
"              │↑↓ navigate   Enter select   Esc exit                                 │              "
"              │                                                                      │              "
"              ╰──────────────────────────────────────────────────────────────────────╯              "
"                                                                                                    "
"                                                                                                    "
"                                                                                                    "
"                                                                                                    "
"                                                                                                    "
"                                                                                                    "
"                                                                                                    "
"                                                                                                    "
