---
source: tui/src/app_shell/queued_message_popup_view_tests.rs
expression: "render_shell(&shell, area)"
---

  Dashboard  ◆ BC           gpt-5-codex ▾   default ▾   default ▾  ● thinking
──────────────────────────────────────────────────────────────────────────────

 ◆ CONVERSATION
                                                                            │
╭──────────────────────────────────────────────────────────────────────╮    │
│◆ QUEUED  3                                                           │    │
│   2  second queued message                                           │    ┃
│▌  3  newest queued message continued                                 │    ┃
│Click to edit   Alt+↑↓ navigate   Shift+Alt+↑↓ reorder                │    ┃
╰──────────────────────────────────────────────────────────────────────╯
╭────────────────────────────────────────────────────────────────────────────╮
│◆ MESSAGE  EDIT 3/3  2:10                                                   │
│> newest queued message                                                     │
│  continued                                                                 │
│                                                                            │
╰────────────────────────────────────────────────────────────────────────────╯
