---
source: tui/src/app_shell/navigation.rs
expression: "DashboardTabs::new(46).lines(DashboardRoute::Workspace)"
---
[
    Line::from_iter([
        Span::from(" Threads ").fg(Color::Rgb(86, 95, 137)),
        Span::from("│").fg(Color::Rgb(65, 72, 104)).bg(Color::Rgb(22, 22, 30)),
        Span::from(" Agents ").fg(Color::Rgb(86, 95, 137)),
        Span::from("│").fg(Color::Rgb(65, 72, 104)).bg(Color::Rgb(22, 22, 30)),
        Span::from(" Files  ").fg(Color::Rgb(122, 162, 247)).bold(),
        Span::from("│").fg(Color::Rgb(65, 72, 104)).bg(Color::Rgb(22, 22, 30)),
        Span::from(" Config ").fg(Color::Rgb(86, 95, 137)),
        Span::from("│").fg(Color::Rgb(65, 72, 104)).bg(Color::Rgb(22, 22, 30)),
        Span::from("  Help   ").fg(Color::Rgb(86, 95, 137)),
    ]).bg(Color::Rgb(22, 22, 30)),
    Line::from_iter([
        Span::from("─────────").fg(Color::Rgb(65, 72, 104)).bg(Color::Rgb(22, 22, 30)),
        Span::from("─").fg(Color::Rgb(65, 72, 104)).bg(Color::Rgb(22, 22, 30)),
        Span::from("────────").fg(Color::Rgb(65, 72, 104)).bg(Color::Rgb(22, 22, 30)),
        Span::from("─").fg(Color::Rgb(65, 72, 104)).bg(Color::Rgb(22, 22, 30)),
        Span::from("━━━━━━━━").fg(Color::Rgb(122, 162, 247)).bg(Color::Rgb(22, 22, 30)).bold(),
        Span::from("─").fg(Color::Rgb(65, 72, 104)).bg(Color::Rgb(22, 22, 30)),
        Span::from("────────").fg(Color::Rgb(65, 72, 104)).bg(Color::Rgb(22, 22, 30)),
        Span::from("─").fg(Color::Rgb(65, 72, 104)).bg(Color::Rgb(22, 22, 30)),
        Span::from("─────────").fg(Color::Rgb(65, 72, 104)).bg(Color::Rgb(22, 22, 30)),
    ]).bg(Color::Rgb(22, 22, 30)),
]
