---
source: tui/src/app_shell/startup_login_tests.rs
expression: terminal.backend().to_string()
---
"                                                                                                    "
"                                                                                                    "
"                                                                                                    "
"                                                                                                    "
"                                                                                                    "
"                                                                                                    "
"                                                                                                    "
"                                                                                                    "
"                                                                                                    "
"              ╭──────────────────────────────────────────────────────────────────────╮              "
"              │◆ ACCOUNT LOGIN                                                       │              "
"              │Enter an OpenAI API key.                                              │              "
"              │The key is hidden and will not be added to the transcript.            │              "
"              │                                                                      │              "
"              │▏                                                                     │              "
"              │                                                                      │              "
"              │Enter save   Esc back                                                 │              "
"              │                                                                      │              "
"              ╰──────────────────────────────────────────────────────────────────────╯              "
"                                                                                                    "
"                                                                                                    "
"                                                                                                    "
"                                                                                                    "
"                                                                                                    "
"                                                                                                    "
"                                                                                                    "
"                                                                                                    "
"                                                                                                    "
