---
source: tui/src/app_shell/account_auth_tests.rs
expression: render_state(&state)
---
"                                                                                        "
"                                                                                        "
"                                                                                        "
"                                                                                        "
"                                                                                        "
"                                                                                        "
"                                                                                        "
"        ╭──────────────────────────────────────────────────────────────────────╮        "
"        │◆ ACCOUNT LOGIN                                                       │        "
"        │Signed in successfully.                                               │        "
"        │                                                                      │        "
"        │You can continue using this session with the new account.             │        "
"        │                                                                      │        "
"        │Enter return to session                                               │        "
"        │                                                                      │        "
"        ╰──────────────────────────────────────────────────────────────────────╯        "
"                                                                                        "
"                                                                                        "
"                                                                                        "
"                                                                                        "
"                                                                                        "
"                                                                                        "
"                                                                                        "
"                                                                                        "
