---
source: tui/src/app_shell/automatic_recap_tests.rs
assertion_line: 60
expression: screen
---

  Dashboard  ◆ BETTER CODEX  better-codex         gpt-5-codex ▾   default ▾   default ▾  ● thinking
────────────────────────────────────────────────────────────────────────────────────────────────────

 ◆ CONVERSATION
 ▎ SYSTEM  Automatic recaps off. Manual /recap remains available.
 ▎ CODEX  The new shell owns the fullscreen surface.















╭──────────────────────────────────────────────────────────────────────────────────────────────────╮
│◆ MESSAGE  1:37                                                                                   │
│> Summarize the new shell architecture                                                            │
│                                                                                                  │
│                                                                                                  │
╰──────────────────────────────────────────────────────────────────────────────────────────────────╯
